// Vitest Snapshot v1, https://vitest.dev/guide/snapshot.html

exports[`GlobalPluginForm.vue > should render correctly 1`] = `
"<form class="ant-form ant-form-horizontal css-dev-only-do-not-override-16pw25h"><input type="text" lazy="true" placeholder="Plugin Name" id="form_item_pluginName" class="ant-input css-dev-only-do-not-override-16pw25h inputField" value="testPlugin">
  <div class="ant-form-item css-dev-only-do-not-override-16pw25h">
    <div class="ant-row ant-form-row css-dev-only-do-not-override-16pw25h">
      <div class="ant-col ant-col-xs-24 ant-col-sm-4 ant-form-item-label css-dev-only-do-not-override-16pw25h"><label for="form_item_keys_0_value" class="ant-form-item-required" title="ProjectKeys">ProjectKeys</label></div>
      <div class="ant-col ant-col-xs-24 ant-col-sm-20 ant-form-item-control css-dev-only-do-not-override-16pw25h">
        <div class="ant-form-item-control-input">
          <div class="ant-form-item-control-input-content"><input type="text" lazy="true" placeholder="add the plugin key here" id="form_item_keys_0_value" style="width: 60%; margin-right: 8px;" class="ant-input css-dev-only-do-not-override-16pw25h" value="testValue"><span role="img" aria-label="minus-circle" class="anticon anticon-minus-circle dynamic-delete-button" tabindex="-1"><svg focusable="false" data-icon="minus-circle" width="1em" height="1em" fill="currentColor" aria-hidden="true" viewBox="64 64 896 896"><path d="M696 480H328c-4.4 0-8 3.6-8 8v48c0 4.4 3.6 8 8 8h368c4.4 0 8-3.6 8-8v-48c0-4.4-3.6-8-8-8z"></path><path d="M512 64C264.6 64 64 264.6 64 512s200.6 448 448 448 448-200.6 448-448S759.4 64 512 64zm0 820c-205.4 0-372-166.6-372-372s166.6-372 372-372 372 166.6 372 372-166.6 372-372 372z"></path></svg><!----></span></div>
        </div>
        <!---->
        <!---->
      </div>
    </div>
    <!---->
  </div>
  <div class="ant-form-item css-dev-only-do-not-override-16pw25h">
    <div class="ant-row ant-form-row css-dev-only-do-not-override-16pw25h">
      <!---->
      <div class="ant-col ant-col-xs-24 ant-col-xs-offset-0 ant-col-sm-20 ant-col-sm-offset-4 ant-form-item-control css-dev-only-do-not-override-16pw25h">
        <div class="ant-form-item-control-input">
          <div class="ant-form-item-control-input-content"><input type="text" lazy="true" placeholder="add the plugin key here" id="form_item_keys_1_value" style="width: 60%; margin-right: 8px;" class="ant-input css-dev-only-do-not-override-16pw25h" value="testValue2"><span role="img" aria-label="minus-circle" class="anticon anticon-minus-circle dynamic-delete-button" tabindex="-1"><svg focusable="false" data-icon="minus-circle" width="1em" height="1em" fill="currentColor" aria-hidden="true" viewBox="64 64 896 896"><path d="M696 480H328c-4.4 0-8 3.6-8 8v48c0 4.4 3.6 8 8 8h368c4.4 0 8-3.6 8-8v-48c0-4.4-3.6-8-8-8z"></path><path d="M512 64C264.6 64 64 264.6 64 512s200.6 448 448 448 448-200.6 448-448S759.4 64 512 64zm0 820c-205.4 0-372-166.6-372-372s166.6-372 372-372 372 166.6 372 372-166.6 372-372 372z"></path></svg><!----></span></div>
        </div>
        <!---->
        <!---->
      </div>
    </div>
    <!---->
  </div>
  <div class="ant-form-item css-dev-only-do-not-override-16pw25h">
    <div class="ant-row ant-form-row css-dev-only-do-not-override-16pw25h">
      <!---->
      <div class="ant-col ant-col-xs-24 ant-col-xs-offset-0 ant-col-sm-20 ant-col-sm-offset-4 ant-form-item-control css-dev-only-do-not-override-16pw25h">
        <div class="ant-form-item-control-input">
          <div class="ant-form-item-control-input-content"><input type="text" lazy="true" placeholder="add the plugin key here" id="form_item_keys_2_value" style="width: 60%; margin-right: 8px;" class="ant-input css-dev-only-do-not-override-16pw25h" value="testValue3"><span role="img" aria-label="minus-circle" class="anticon anticon-minus-circle dynamic-delete-button" tabindex="-1"><svg focusable="false" data-icon="minus-circle" width="1em" height="1em" fill="currentColor" aria-hidden="true" viewBox="64 64 896 896"><path d="M696 480H328c-4.4 0-8 3.6-8 8v48c0 4.4 3.6 8 8 8h368c4.4 0 8-3.6 8-8v-48c0-4.4-3.6-8-8-8z"></path><path d="M512 64C264.6 64 64 264.6 64 512s200.6 448 448 448 448-200.6 448-448S759.4 64 512 64zm0 820c-205.4 0-372-166.6-372-372s166.6-372 372-372 372 166.6 372 372-166.6 372-372 372z"></path></svg><!----></span></div>
        </div>
        <!---->
        <!---->
      </div>
    </div>
    <!---->
  </div>
  <div class="ant-form-item css-dev-only-do-not-override-16pw25h">
    <div class="ant-row ant-form-row css-dev-only-do-not-override-16pw25h">
      <!---->
      <div class="ant-col ant-col-xs-24 ant-col-xs-offset-0 ant-col-sm-20 ant-col-sm-offset-4 ant-form-item-control css-dev-only-do-not-override-16pw25h">
        <div class="ant-form-item-control-input">
          <div class="ant-form-item-control-input-content"><button style="width: 60%;" class="css-dev-only-do-not-override-16pw25h ant-btn ant-btn-dashed" type="button">
              <transition-stub name="ant-btn-loading-icon-motion" appear="false" persisted="false" css="true">
                <!---->
              </transition-stub><span role="img" aria-label="plus" class="anticon anticon-plus"><svg focusable="false" data-icon="plus" width="1em" height="1em" fill="currentColor" aria-hidden="true" viewBox="64 64 896 896"><path d="M482 152h60q8 0 8 8v704q0 8-8 8h-60q-8 0-8-8V160q0-8 8-8z"></path><path d="M192 474h672q8 0 8 8v60q0 8-8 8H160q-8 0-8-8v-60q0-8 8-8z"></path></svg><!----></span><span>Add ProjectKey</span>
            </button></div>
        </div>
        <!---->
        <!---->
      </div>
    </div>
    <!---->
  </div>
</form>
<contextholder></contextholder>"
`;
